Menu Principal
1 - Criar
2 - Abrir
3 - Guardar
4 - Criar Programa
5 - Ler Programa
6 - Escrever Programa
7 - Manipular Programa
0 - Sair
Escolha uma opção: Nome do program: Nome do ficheiro do program: Menu Principal
1 - Criar
2 - Abrir
3 - Guardar
4 - Criar Programa
5 - Ler Programa
6 - Escrever Programa
7 - Manipular Programa
0 - Sair
Escolha uma opção: 