Menu Principal
1 - Criar
2 - Abrir
3 - Guardar
4 - Criar Programa
5 - Ler Programa
6 - Escrever Programa
7 - Manipular Programa
0 - Sair
Escolha uma opção: Nome do program: Menu de Edição
1 - Listar programa
2 - Executar programa
3 - Adicionar expressão ao programa
4 - Substituir expressão no programa
5 - Mostrar os identificadores presentes no programa
6 - Mostrar os identificadores do programa sem inicialização explícita
0 - Sair
Escolha uma opção: (print 1)
(print 2)
(print 3)
(print 4)
(print 6)
(print 7)
(print 8)
(print 9)
Menu de Edição
1 - Listar programa
2 - Executar programa
3 - Adicionar expressão ao programa
4 - Substituir expressão no programa
5 - Mostrar os identificadores presentes no programa
6 - Mostrar os identificadores do programa sem inicialização explícita
0 - Sair
Escolha uma opção: 1
2
3
4
6
7
8
9
Menu de Edição
1 - Listar programa
2 - Executar programa
3 - Adicionar expressão ao programa
4 - Substituir expressão no programa
5 - Mostrar os identificadores presentes no programa
6 - Mostrar os identificadores do programa sem inicialização explícita
0 - Sair
Escolha uma opção: Posição do programa: Expressão: Menu de Edição
1 - Listar programa
2 - Executar programa
3 - Adicionar expressão ao programa
4 - Substituir expressão no programa
5 - Mostrar os identificadores presentes no programa
6 - Mostrar os identificadores do programa sem inicialização explícita
0 - Sair
Escolha uma opção: (print 0)
(print 2)
(print 3)
(print 4)
(print 6)
(print 7)
(print 8)
(print 9)
Menu de Edição
1 - Listar programa
2 - Executar programa
3 - Adicionar expressão ao programa
4 - Substituir expressão no programa
5 - Mostrar os identificadores presentes no programa
6 - Mostrar os identificadores do programa sem inicialização explícita
0 - Sair
Escolha uma opção: 0
2
3
4
6
7
8
9
Menu de Edição
1 - Listar programa
2 - Executar programa
3 - Adicionar expressão ao programa
4 - Substituir expressão no programa
5 - Mostrar os identificadores presentes no programa
6 - Mostrar os identificadores do programa sem inicialização explícita
0 - Sair
Escolha uma opção: Posição do programa: Expressão: Menu de Edição
1 - Listar programa
2 - Executar programa
3 - Adicionar expressão ao programa
4 - Substituir expressão no programa
5 - Mostrar os identificadores presentes no programa
6 - Mostrar os identificadores do programa sem inicialização explícita
0 - Sair
Escolha uma opção: (print 0)
(print 2)
(print 3)
(print 4)
(print 6)
(print 7)
(print 8)
(print "nove")
Menu de Edição
1 - Listar programa
2 - Executar programa
3 - Adicionar expressão ao programa
4 - Substituir expressão no programa
5 - Mostrar os identificadores presentes no programa
6 - Mostrar os identificadores do programa sem inicialização explícita
0 - Sair
Escolha uma opção: 0
2
3
4
6
7
8
nove
Menu de Edição
1 - Listar programa
2 - Executar programa
3 - Adicionar expressão ao programa
4 - Substituir expressão no programa
5 - Mostrar os identificadores presentes no programa
6 - Mostrar os identificadores do programa sem inicialização explícita
0 - Sair
Escolha uma opção: Menu Principal
1 - Criar
2 - Abrir
3 - Guardar
4 - Criar Programa
5 - Ler Programa
6 - Escrever Programa
7 - Manipular Programa
0 - Sair
Escolha uma opção: 